// Jest Snapshot v1, https://goo.gl/fbAQLP

exports[`SisuSignIn renders correctly 1`] = `undefined`;
